Copyright 1986-2022 Xilinx, Inc. All Rights Reserved. Copyright 2022-2025 Advanced Micro Devices, Inc. All Rights Reserved.
---------------------------------------------------------------------------------------------------------------------------------------------------------------------------------------------------------------------
| Tool Version : Vivado v.2025.1 (win64) Build 6140274 Thu May 22 00:12:29 MDT 2025
| Date         : Sat Oct 18 12:42:23 2025
| Host         : DESKTOP-GP1L0EL running 64-bit major release  (build 9200)
| Command      : report_timing_summary -max_paths 10 -routable_nets -report_unconstrained -file SPI_timing_summary_routed.rpt -pb SPI_timing_summary_routed.pb -rpx SPI_timing_summary_routed.rpx -warn_on_violation
| Design       : SPI
| Device       : 7z020-clg400
| Speed File   : -1  PRODUCTION 1.12 2019-11-22
| Design State : Routed
---------------------------------------------------------------------------------------------------------------------------------------------------------------------------------------------------------------------

Timing Summary Report

------------------------------------------------------------------------------------------------
| Timer Settings
| --------------
------------------------------------------------------------------------------------------------

  Enable Multi Corner Analysis               :  Yes
  Enable Pessimism Removal                   :  Yes
  Pessimism Removal Resolution               :  Nearest Common Node
  Enable Input Delay Default Clock           :  No
  Enable Preset / Clear Arcs                 :  No
  Disable Flight Delays                      :  No
  Ignore I/O Paths                           :  No
  Timing Early Launch at Borrowing Latches   :  No
  Borrow Time for Max Delay Exceptions       :  Yes
  Merge Timing Exceptions                    :  Yes
  Inter-SLR Compensation                     :  Conservative

  Corner  Analyze    Analyze    
  Name    Max Paths  Min Paths  
  ------  ---------  ---------  
  Slow    Yes        Yes        
  Fast    Yes        Yes        


------------------------------------------------------------------------------------------------
| Report Methodology
| ------------------
------------------------------------------------------------------------------------------------

Rule       Severity          Description                  Violations  
---------  ----------------  ---------------------------  ----------  
TIMING-17  Critical Warning  Non-clocked sequential cell  67          

Note: This report is based on the most recent report_methodology run and may not be up-to-date. Run report_methodology on the current design for the latest report.



check_timing report

Table of Contents
-----------------
1. checking no_clock (67)
2. checking constant_clock (0)
3. checking pulse_width_clock (0)
4. checking unconstrained_internal_endpoints (132)
5. checking no_input_delay (2)
6. checking no_output_delay (18)
7. checking multiple_clock (0)
8. checking generated_clocks (0)
9. checking loops (0)
10. checking partial_input_delay (0)
11. checking partial_output_delay (0)
12. checking latch_loops (0)

1. checking no_clock (67)
-------------------------
 There is 1 register/latch pin with no clock driven by root clock pin: CLK_IN (HIGH)

 There are 66 register/latch pins with no clock driven by root clock pin: SCLK_reg/Q (HIGH)


2. checking constant_clock (0)
------------------------------
 There are 0 register/latch pins with constant_clock.


3. checking pulse_width_clock (0)
---------------------------------
 There are 0 register/latch pins which need pulse_width check


4. checking unconstrained_internal_endpoints (132)
--------------------------------------------------
 There are 132 pins that are not constrained for maximum delay. (HIGH)

 There are 0 pins that are not constrained for maximum delay due to constant clock.


5. checking no_input_delay (2)
------------------------------
 There are 2 input ports with no input delay specified. (HIGH)

 There are 0 input ports with no input delay but user has a false path constraint.


6. checking no_output_delay (18)
--------------------------------
 There are 18 ports with no output delay specified. (HIGH)

 There are 0 ports with no output delay but user has a false path constraint

 There are 0 ports with no output delay but with a timing clock defined on it or propagating through it


7. checking multiple_clock (0)
------------------------------
 There are 0 register/latch pins with multiple clocks.


8. checking generated_clocks (0)
--------------------------------
 There are 0 generated clocks that are not connected to a clock source.


9. checking loops (0)
---------------------
 There are 0 combinational loops in the design.


10. checking partial_input_delay (0)
------------------------------------
 There are 0 input ports with partial input delay specified.


11. checking partial_output_delay (0)
-------------------------------------
 There are 0 ports with partial output delay specified.


12. checking latch_loops (0)
----------------------------
 There are 0 combinational latch loops in the design through latch input



------------------------------------------------------------------------------------------------
| Design Timing Summary
| ---------------------
------------------------------------------------------------------------------------------------

    WNS(ns)      TNS(ns)  TNS Failing Endpoints  TNS Total Endpoints      WHS(ns)      THS(ns)  THS Failing Endpoints  THS Total Endpoints     WPWS(ns)     TPWS(ns)  TPWS Failing Endpoints  TPWS Total Endpoints  
    -------      -------  ---------------------  -------------------      -------      -------  ---------------------  -------------------     --------     --------  ----------------------  --------------------  
        inf        0.000                      0                  151          inf        0.000                      0                  151           NA           NA                      NA                    NA  


There are no user specified timing constraints.


------------------------------------------------------------------------------------------------
| Clock Summary
| -------------
------------------------------------------------------------------------------------------------


------------------------------------------------------------------------------------------------
| Intra Clock Table
| -----------------
------------------------------------------------------------------------------------------------

Clock             WNS(ns)      TNS(ns)  TNS Failing Endpoints  TNS Total Endpoints      WHS(ns)      THS(ns)  THS Failing Endpoints  THS Total Endpoints     WPWS(ns)     TPWS(ns)  TPWS Failing Endpoints  TPWS Total Endpoints  
-----             -------      -------  ---------------------  -------------------      -------      -------  ---------------------  -------------------     --------     --------  ----------------------  --------------------  


------------------------------------------------------------------------------------------------
| Inter Clock Table
| -----------------
------------------------------------------------------------------------------------------------

From Clock    To Clock          WNS(ns)      TNS(ns)  TNS Failing Endpoints  TNS Total Endpoints      WHS(ns)      THS(ns)  THS Failing Endpoints  THS Total Endpoints  
----------    --------          -------      -------  ---------------------  -------------------      -------      -------  ---------------------  -------------------  


------------------------------------------------------------------------------------------------
| Other Path Groups Table
| -----------------------
------------------------------------------------------------------------------------------------

Path Group    From Clock    To Clock          WNS(ns)      TNS(ns)  TNS Failing Endpoints  TNS Total Endpoints      WHS(ns)      THS(ns)  THS Failing Endpoints  THS Total Endpoints  
----------    ----------    --------          -------      -------  ---------------------  -------------------      -------      -------  ---------------------  -------------------  


------------------------------------------------------------------------------------------------
| User Ignored Path Table
| -----------------------
------------------------------------------------------------------------------------------------

Path Group    From Clock    To Clock    
----------    ----------    --------    


------------------------------------------------------------------------------------------------
| Unconstrained Path Table
| ------------------------
------------------------------------------------------------------------------------------------

Path Group    From Clock    To Clock    
----------    ----------    --------    
(none)                                    


------------------------------------------------------------------------------------------------
| Timing Details
| --------------
------------------------------------------------------------------------------------------------


--------------------------------------------------------------------------------------
Path Group:  (none)
From Clock:  
  To Clock:  

Max Delay           151 Endpoints
Min Delay           151 Endpoints
--------------------------------------------------------------------------------------


Max Delay Paths
--------------------------------------------------------------------------------------
Slack:                    inf
  Source:                 SCLK_reg/C
                            (rising edge-triggered cell FDRE)
  Destination:            SCLK
                            (output port)
  Path Group:             (none)
  Path Type:              Max at Slow Process Corner
  Data Path Delay:        9.495ns  (logic 3.312ns (34.884%)  route 6.183ns (65.116%))
  Logic Levels:           3  (BUFG=1 FDRE=1 OBUF=1)

    Location             Delay type                Incr(ns)  Path(ns)    Netlist Resource(s)
  -------------------------------------------------------------------    -------------------
    SLICE_X0Y24          FDRE                         0.000     0.000 r  SCLK_reg/C
    SLICE_X0Y24          FDRE (Prop_fdre_C_Q)         0.518     0.518 r  SCLK_reg/Q
                         net (fo=2, routed)           3.061     3.579    SCLK_OBUF
    BUFGCTRL_X0Y0        BUFG (Prop_bufg_I_O)         0.101     3.680 r  SCLK_OBUF_BUFG_inst/O
                         net (fo=67, routed)          3.122     6.802    SCLK_OBUF_BUFG
    Y9                   OBUF (Prop_obuf_I_O)         2.693     9.495 r  SCLK_OBUF_inst/O
                         net (fo=0)                   0.000     9.495    SCLK
    Y9                                                                r  SCLK (OUT)
  -------------------------------------------------------------------    -------------------

Slack:                    inf
  Source:                 RESET_N
                            (input port)
  Destination:            SS_N
                            (output port)
  Path Group:             (none)
  Path Type:              Max at Slow Process Corner
  Data Path Delay:        6.454ns  (logic 3.762ns (58.295%)  route 2.692ns (41.705%))
  Logic Levels:           3  (IBUF=1 LUT1=1 OBUF=1)

    Location             Delay type                Incr(ns)  Path(ns)    Netlist Resource(s)
  -------------------------------------------------------------------    -------------------
    U10                                               0.000     0.000 f  RESET_N (IN)
                         net (fo=0)                   0.000     0.000    RESET_N
    U10                  IBUF (Prop_ibuf_I_O)         0.992     0.992 f  RESET_N_IBUF_inst/O
                         net (fo=4, routed)           1.021     2.013    RESET_N_IBUF
    SLICE_X0Y24          LUT1 (Prop_lut1_I0_O)        0.124     2.137 r  SS_N_OBUF_inst_i_1/O
                         net (fo=1, routed)           1.671     3.808    SS_N_OBUF
    Y6                   OBUF (Prop_obuf_I_O)         2.646     6.454 r  SS_N_OBUF_inst/O
                         net (fo=0)                   0.000     6.454    SS_N
    Y6                                                                r  SS_N (OUT)
  -------------------------------------------------------------------    -------------------

Slack:                    inf
  Source:                 data_temp_reg[0]/C
                            (rising edge-triggered cell FDRE)
  Destination:            DATA[0]
                            (output port)
  Path Group:             (none)
  Path Type:              Max at Slow Process Corner
  Data Path Delay:        5.257ns  (logic 3.137ns (59.660%)  route 2.121ns (40.340%))
  Logic Levels:           2  (FDRE=1 OBUF=1)

    Location             Delay type                Incr(ns)  Path(ns)    Netlist Resource(s)
  -------------------------------------------------------------------    -------------------
    SLICE_X0Y12          FDRE                         0.000     0.000 r  data_temp_reg[0]/C
    SLICE_X0Y12          FDRE (Prop_fdre_C_Q)         0.518     0.518 r  data_temp_reg[0]/Q
                         net (fo=3, routed)           2.121     2.639    DATA_OBUF[0]
    W6                   OBUF (Prop_obuf_I_O)         2.619     5.257 r  DATA_OBUF[0]_inst/O
                         net (fo=0)                   0.000     5.257    DATA[0]
    W6                                                                r  DATA[0] (OUT)
  -------------------------------------------------------------------    -------------------

Slack:                    inf
  Source:                 data_temp_reg[15]/C
                            (rising edge-triggered cell FDRE)
  Destination:            DATA[15]
                            (output port)
  Path Group:             (none)
  Path Type:              Max at Slow Process Corner
  Data Path Delay:        5.250ns  (logic 3.367ns (64.125%)  route 1.884ns (35.875%))
  Logic Levels:           2  (FDRE=1 OBUF=1)

    Location             Delay type                Incr(ns)  Path(ns)    Netlist Resource(s)
  -------------------------------------------------------------------    -------------------
    SLICE_X0Y16          FDRE                         0.000     0.000 r  data_temp_reg[15]/C
    SLICE_X0Y16          FDRE (Prop_fdre_C_Q)         0.478     0.478 r  data_temp_reg[15]/Q
                         net (fo=2, routed)           1.884     2.362    DATA_OBUF[15]
    V8                   OBUF (Prop_obuf_I_O)         2.889     5.250 r  DATA_OBUF[15]_inst/O
                         net (fo=0)                   0.000     5.250    DATA[15]
    V8                                                                r  DATA[15] (OUT)
  -------------------------------------------------------------------    -------------------

Slack:                    inf
  Source:                 data_temp_reg[13]_lopt_replica/C
                            (rising edge-triggered cell FDRE)
  Destination:            DATA[13]
                            (output port)
  Path Group:             (none)
  Path Type:              Max at Slow Process Corner
  Data Path Delay:        5.152ns  (logic 3.337ns (64.764%)  route 1.815ns (35.236%))
  Logic Levels:           2  (FDRE=1 OBUF=1)

    Location             Delay type                Incr(ns)  Path(ns)    Netlist Resource(s)
  -------------------------------------------------------------------    -------------------
    SLICE_X0Y16          FDRE                         0.000     0.000 r  data_temp_reg[13]_lopt_replica/C
    SLICE_X0Y16          FDRE (Prop_fdre_C_Q)         0.478     0.478 r  data_temp_reg[13]_lopt_replica/Q
                         net (fo=1, routed)           1.815     2.293    data_temp_reg[13]_lopt_replica_1
    W10                  OBUF (Prop_obuf_I_O)         2.859     5.152 r  DATA_OBUF[13]_inst/O
                         net (fo=0)                   0.000     5.152    DATA[13]
    W10                                                               r  DATA[13] (OUT)
  -------------------------------------------------------------------    -------------------

Slack:                    inf
  Source:                 data_temp_reg[8]_lopt_replica/C
                            (rising edge-triggered cell FDRE)
  Destination:            DATA[8]
                            (output port)
  Path Group:             (none)
  Path Type:              Max at Slow Process Corner
  Data Path Delay:        5.015ns  (logic 3.199ns (63.790%)  route 1.816ns (36.210%))
  Logic Levels:           2  (FDRE=1 OBUF=1)

    Location             Delay type                Incr(ns)  Path(ns)    Netlist Resource(s)
  -------------------------------------------------------------------    -------------------
    SLICE_X0Y11          FDRE                         0.000     0.000 r  data_temp_reg[8]_lopt_replica/C
    SLICE_X0Y11          FDRE (Prop_fdre_C_Q)         0.518     0.518 r  data_temp_reg[8]_lopt_replica/Q
                         net (fo=1, routed)           1.816     2.334    data_temp_reg[8]_lopt_replica_1
    Y11                  OBUF (Prop_obuf_I_O)         2.681     5.015 r  DATA_OBUF[8]_inst/O
                         net (fo=0)                   0.000     5.015    DATA[8]
    Y11                                                               r  DATA[8] (OUT)
  -------------------------------------------------------------------    -------------------

Slack:                    inf
  Source:                 data_temp_reg[11]_lopt_replica/C
                            (rising edge-triggered cell FDRE)
  Destination:            DATA[11]
                            (output port)
  Path Group:             (none)
  Path Type:              Max at Slow Process Corner
  Data Path Delay:        4.893ns  (logic 3.206ns (65.518%)  route 1.687ns (34.482%))
  Logic Levels:           2  (FDRE=1 OBUF=1)

    Location             Delay type                Incr(ns)  Path(ns)    Netlist Resource(s)
  -------------------------------------------------------------------    -------------------
    SLICE_X0Y16          FDRE                         0.000     0.000 r  data_temp_reg[11]_lopt_replica/C
    SLICE_X0Y16          FDRE (Prop_fdre_C_Q)         0.518     0.518 r  data_temp_reg[11]_lopt_replica/Q
                         net (fo=1, routed)           1.687     2.205    data_temp_reg[11]_lopt_replica_1
    U9                   OBUF (Prop_obuf_I_O)         2.688     4.893 r  DATA_OBUF[11]_inst/O
                         net (fo=0)                   0.000     4.893    DATA[11]
    U9                                                                r  DATA[11] (OUT)
  -------------------------------------------------------------------    -------------------

Slack:                    inf
  Source:                 data_temp_reg[14]_lopt_replica/C
                            (rising edge-triggered cell FDRE)
  Destination:            DATA[14]
                            (output port)
  Path Group:             (none)
  Path Type:              Max at Slow Process Corner
  Data Path Delay:        4.893ns  (logic 3.171ns (64.813%)  route 1.722ns (35.187%))
  Logic Levels:           2  (FDRE=1 OBUF=1)

    Location             Delay type                Incr(ns)  Path(ns)    Netlist Resource(s)
  -------------------------------------------------------------------    -------------------
    SLICE_X1Y16          FDRE                         0.000     0.000 r  data_temp_reg[14]_lopt_replica/C
    SLICE_X1Y16          FDRE (Prop_fdre_C_Q)         0.456     0.456 r  data_temp_reg[14]_lopt_replica/Q
                         net (fo=1, routed)           1.722     2.178    data_temp_reg[14]_lopt_replica_1
    W8                   OBUF (Prop_obuf_I_O)         2.715     4.893 r  DATA_OBUF[14]_inst/O
                         net (fo=0)                   0.000     4.893    DATA[14]
    W8                                                                r  DATA[14] (OUT)
  -------------------------------------------------------------------    -------------------

Slack:                    inf
  Source:                 data_temp_reg[5]_lopt_replica/C
                            (rising edge-triggered cell FDRE)
  Destination:            DATA[5]
                            (output port)
  Path Group:             (none)
  Path Type:              Max at Slow Process Corner
  Data Path Delay:        4.882ns  (logic 3.213ns (65.814%)  route 1.669ns (34.186%))
  Logic Levels:           2  (FDRE=1 OBUF=1)

    Location             Delay type                Incr(ns)  Path(ns)    Netlist Resource(s)
  -------------------------------------------------------------------    -------------------
    SLICE_X0Y9           FDRE                         0.000     0.000 r  data_temp_reg[5]_lopt_replica/C
    SLICE_X0Y9           FDRE (Prop_fdre_C_Q)         0.518     0.518 r  data_temp_reg[5]_lopt_replica/Q
                         net (fo=1, routed)           1.669     2.187    data_temp_reg[5]_lopt_replica_1
    Y12                  OBUF (Prop_obuf_I_O)         2.695     4.882 r  DATA_OBUF[5]_inst/O
                         net (fo=0)                   0.000     4.882    DATA[5]
    Y12                                                               r  DATA[5] (OUT)
  -------------------------------------------------------------------    -------------------

Slack:                    inf
  Source:                 data_temp_reg[4]_lopt_replica/C
                            (rising edge-triggered cell FDRE)
  Destination:            DATA[4]
                            (output port)
  Path Group:             (none)
  Path Type:              Max at Slow Process Corner
  Data Path Delay:        4.878ns  (logic 3.214ns (65.900%)  route 1.663ns (34.100%))
  Logic Levels:           2  (FDRE=1 OBUF=1)

    Location             Delay type                Incr(ns)  Path(ns)    Netlist Resource(s)
  -------------------------------------------------------------------    -------------------
    SLICE_X0Y8           FDRE                         0.000     0.000 r  data_temp_reg[4]_lopt_replica/C
    SLICE_X0Y8           FDRE (Prop_fdre_C_Q)         0.518     0.518 r  data_temp_reg[4]_lopt_replica/Q
                         net (fo=1, routed)           1.663     2.181    data_temp_reg[4]_lopt_replica_1
    Y13                  OBUF (Prop_obuf_I_O)         2.696     4.878 r  DATA_OBUF[4]_inst/O
                         net (fo=0)                   0.000     4.878    DATA[4]
    Y13                                                               r  DATA[4] (OUT)
  -------------------------------------------------------------------    -------------------





Min Delay Paths
--------------------------------------------------------------------------------------
Slack:                    inf
  Source:                 data_temp_reg[13]/C
                            (rising edge-triggered cell FDRE)
  Destination:            data_temp_reg[14]_lopt_replica/D
  Path Group:             (none)
  Path Type:              Min at Fast Process Corner
  Data Path Delay:        0.207ns  (logic 0.148ns (71.500%)  route 0.059ns (28.500%))
  Logic Levels:           1  (FDRE=1)

    Location             Delay type                Incr(ns)  Path(ns)    Netlist Resource(s)
  -------------------------------------------------------------------    -------------------
    SLICE_X0Y16          FDRE                         0.000     0.000 r  data_temp_reg[13]/C
    SLICE_X0Y16          FDRE (Prop_fdre_C_Q)         0.148     0.148 r  data_temp_reg[13]/Q
                         net (fo=2, routed)           0.059     0.207    DATA_OBUF[13]
    SLICE_X1Y16          FDRE                                         r  data_temp_reg[14]_lopt_replica/D
  -------------------------------------------------------------------    -------------------

Slack:                    inf
  Source:                 data_temp_reg[13]/C
                            (rising edge-triggered cell FDRE)
  Destination:            data_temp_reg[14]/D
  Path Group:             (none)
  Path Type:              Min at Fast Process Corner
  Data Path Delay:        0.267ns  (logic 0.148ns (55.377%)  route 0.119ns (44.623%))
  Logic Levels:           1  (FDRE=1)

    Location             Delay type                Incr(ns)  Path(ns)    Netlist Resource(s)
  -------------------------------------------------------------------    -------------------
    SLICE_X0Y16          FDRE                         0.000     0.000 r  data_temp_reg[13]/C
    SLICE_X0Y16          FDRE (Prop_fdre_C_Q)         0.148     0.148 r  data_temp_reg[13]/Q
                         net (fo=2, routed)           0.119     0.267    DATA_OBUF[13]
    SLICE_X0Y16          FDRE                                         r  data_temp_reg[14]/D
  -------------------------------------------------------------------    -------------------

Slack:                    inf
  Source:                 Output_reg[17]/C
                            (rising edge-triggered cell FDRE)
  Destination:            Output_reg[18]/D
  Path Group:             (none)
  Path Type:              Min at Fast Process Corner
  Data Path Delay:        0.276ns  (logic 0.167ns (60.498%)  route 0.109ns (39.502%))
  Logic Levels:           1  (FDRE=1)

    Location             Delay type                Incr(ns)  Path(ns)    Netlist Resource(s)
  -------------------------------------------------------------------    -------------------
    SLICE_X2Y18          FDRE                         0.000     0.000 r  Output_reg[17]/C
    SLICE_X2Y18          FDRE (Prop_fdre_C_Q)         0.167     0.167 r  Output_reg[17]/Q
                         net (fo=2, routed)           0.109     0.276    Output_reg_n_0_[17]
    SLICE_X0Y18          FDRE                                         r  Output_reg[18]/D
  -------------------------------------------------------------------    -------------------

Slack:                    inf
  Source:                 data_temp_reg[12]/C
                            (rising edge-triggered cell FDRE)
  Destination:            data_temp_reg[13]/D
  Path Group:             (none)
  Path Type:              Min at Fast Process Corner
  Data Path Delay:        0.280ns  (logic 0.164ns (58.537%)  route 0.116ns (41.463%))
  Logic Levels:           1  (FDRE=1)

    Location             Delay type                Incr(ns)  Path(ns)    Netlist Resource(s)
  -------------------------------------------------------------------    -------------------
    SLICE_X0Y16          FDRE                         0.000     0.000 r  data_temp_reg[12]/C
    SLICE_X0Y16          FDRE (Prop_fdre_C_Q)         0.164     0.164 r  data_temp_reg[12]/Q
                         net (fo=2, routed)           0.116     0.280    DATA_OBUF[12]
    SLICE_X0Y16          FDRE                                         r  data_temp_reg[13]/D
  -------------------------------------------------------------------    -------------------

Slack:                    inf
  Source:                 data_temp_reg[15]/C
                            (rising edge-triggered cell FDRE)
  Destination:            data_temp_reg[16]/D
  Path Group:             (none)
  Path Type:              Min at Fast Process Corner
  Data Path Delay:        0.280ns  (logic 0.148ns (52.785%)  route 0.132ns (47.215%))
  Logic Levels:           1  (FDRE=1)

    Location             Delay type                Incr(ns)  Path(ns)    Netlist Resource(s)
  -------------------------------------------------------------------    -------------------
    SLICE_X0Y16          FDRE                         0.000     0.000 r  data_temp_reg[15]/C
    SLICE_X0Y16          FDRE (Prop_fdre_C_Q)         0.148     0.148 r  data_temp_reg[15]/Q
                         net (fo=2, routed)           0.132     0.280    DATA_OBUF[15]
    SLICE_X1Y16          FDRE                                         r  data_temp_reg[16]/D
  -------------------------------------------------------------------    -------------------

Slack:                    inf
  Source:                 data_temp_reg[3]/C
                            (rising edge-triggered cell FDRE)
  Destination:            data_temp_reg[4]/D
  Path Group:             (none)
  Path Type:              Min at Fast Process Corner
  Data Path Delay:        0.283ns  (logic 0.164ns (57.976%)  route 0.119ns (42.024%))
  Logic Levels:           1  (FDRE=1)

    Location             Delay type                Incr(ns)  Path(ns)    Netlist Resource(s)
  -------------------------------------------------------------------    -------------------
    SLICE_X0Y8           FDRE                         0.000     0.000 r  data_temp_reg[3]/C
    SLICE_X0Y8           FDRE (Prop_fdre_C_Q)         0.164     0.164 r  data_temp_reg[3]/Q
                         net (fo=2, routed)           0.119     0.283    DATA_OBUF[3]
    SLICE_X0Y8           FDRE                                         r  data_temp_reg[4]/D
  -------------------------------------------------------------------    -------------------

Slack:                    inf
  Source:                 data_temp_reg[3]/C
                            (rising edge-triggered cell FDRE)
  Destination:            data_temp_reg[4]_lopt_replica/D
  Path Group:             (none)
  Path Type:              Min at Fast Process Corner
  Data Path Delay:        0.283ns  (logic 0.164ns (57.976%)  route 0.119ns (42.024%))
  Logic Levels:           1  (FDRE=1)

    Location             Delay type                Incr(ns)  Path(ns)    Netlist Resource(s)
  -------------------------------------------------------------------    -------------------
    SLICE_X0Y8           FDRE                         0.000     0.000 r  data_temp_reg[3]/C
    SLICE_X0Y8           FDRE (Prop_fdre_C_Q)         0.164     0.164 r  data_temp_reg[3]/Q
                         net (fo=2, routed)           0.119     0.283    DATA_OBUF[3]
    SLICE_X0Y8           FDRE                                         r  data_temp_reg[4]_lopt_replica/D
  -------------------------------------------------------------------    -------------------

Slack:                    inf
  Source:                 data_temp_reg[7]/C
                            (rising edge-triggered cell FDRE)
  Destination:            data_temp_reg[8]/D
  Path Group:             (none)
  Path Type:              Min at Fast Process Corner
  Data Path Delay:        0.283ns  (logic 0.164ns (57.976%)  route 0.119ns (42.024%))
  Logic Levels:           1  (FDRE=1)

    Location             Delay type                Incr(ns)  Path(ns)    Netlist Resource(s)
  -------------------------------------------------------------------    -------------------
    SLICE_X0Y11          FDRE                         0.000     0.000 r  data_temp_reg[7]/C
    SLICE_X0Y11          FDRE (Prop_fdre_C_Q)         0.164     0.164 r  data_temp_reg[7]/Q
                         net (fo=2, routed)           0.119     0.283    DATA_OBUF[7]
    SLICE_X0Y11          FDRE                                         r  data_temp_reg[8]/D
  -------------------------------------------------------------------    -------------------

Slack:                    inf
  Source:                 data_temp_reg[7]/C
                            (rising edge-triggered cell FDRE)
  Destination:            data_temp_reg[8]_lopt_replica/D
  Path Group:             (none)
  Path Type:              Min at Fast Process Corner
  Data Path Delay:        0.283ns  (logic 0.164ns (57.976%)  route 0.119ns (42.024%))
  Logic Levels:           1  (FDRE=1)

    Location             Delay type                Incr(ns)  Path(ns)    Netlist Resource(s)
  -------------------------------------------------------------------    -------------------
    SLICE_X0Y11          FDRE                         0.000     0.000 r  data_temp_reg[7]/C
    SLICE_X0Y11          FDRE (Prop_fdre_C_Q)         0.164     0.164 r  data_temp_reg[7]/Q
                         net (fo=2, routed)           0.119     0.283    DATA_OBUF[7]
    SLICE_X0Y11          FDRE                                         r  data_temp_reg[8]_lopt_replica/D
  -------------------------------------------------------------------    -------------------

Slack:                    inf
  Source:                 data_temp_reg[4]/C
                            (rising edge-triggered cell FDRE)
  Destination:            data_temp_reg[5]_lopt_replica/D
  Path Group:             (none)
  Path Type:              Min at Fast Process Corner
  Data Path Delay:        0.284ns  (logic 0.164ns (57.771%)  route 0.120ns (42.229%))
  Logic Levels:           1  (FDRE=1)

    Location             Delay type                Incr(ns)  Path(ns)    Netlist Resource(s)
  -------------------------------------------------------------------    -------------------
    SLICE_X0Y8           FDRE                         0.000     0.000 r  data_temp_reg[4]/C
    SLICE_X0Y8           FDRE (Prop_fdre_C_Q)         0.164     0.164 r  data_temp_reg[4]/Q
                         net (fo=2, routed)           0.120     0.284    DATA_OBUF[4]
    SLICE_X0Y9           FDRE                                         r  data_temp_reg[5]_lopt_replica/D
  -------------------------------------------------------------------    -------------------





